dy03@dy03-Vostro-3900:~$ ls
android    example                         mostly-adequate-guide  shijingxian
Android    example-content                 Music                  Templates
Demo       examples.desktop                Pictures               Videos
Desktop    java_error_in_STUDIO_11452.log  project
Documents  java_error_in_STUDIO_25538.log  Public
Downloads  javascript-master               saveit.txt
dy03@dy03-Vostro-3900:~$ cd /home/dy03/shijingxian/demo/exercises
bash: cd: /home/dy03/shijingxian/demo/exercises: No such file or directory
dy03@dy03-Vostro-3900:~$ cd home/dy03/shijingxian/demo/exercises
bash: cd: home/dy03/shijingxian/demo/exercises: No such file or directory
dy03@dy03-Vostro-3900:~$ cd dy03/home/shijingxian/demo/exercises
bash: cd: dy03/home/shijingxian/demo/exercises: No such file or directory
dy03@dy03-Vostro-3900:~$ cd home
bash: cd: home: No such file or directory
dy03@dy03-Vostro-3900:~$ cd /home
dy03@dy03-Vostro-3900:/home$ ls
dy03
dy03@dy03-Vostro-3900:/home$ cd /home/dy03/shijingxian/demo/exercises
bash: cd: /home/dy03/shijingxian/demo/exercises: No such file or directory
dy03@dy03-Vostro-3900:/home$ cd dy03
dy03@dy03-Vostro-3900:~$ ls
android    example                         mostly-adequate-guide  shijingxian
Android    example-content                 Music                  Templates
Demo       examples.desktop                Pictures               Videos
Desktop    java_error_in_STUDIO_11452.log  project
Documents  java_error_in_STUDIO_25538.log  Public
Downloads  javascript-master               saveit.txt
dy03@dy03-Vostro-3900:~$ cd shijingxian/demo/exercises
bash: cd: shijingxian/demo/exercises: No such file or directory
dy03@dy03-Vostro-3900:~$ cd shijingxian
dy03@dy03-Vostro-3900:~/shijingxian$ cd demo
dy03@dy03-Vostro-3900:~/shijingxian/demo$ ls
Exercises  Issues.txt
dy03@dy03-Vostro-3900:~/shijingxian/demo$ cd shijingxian/demo/exercises
bash: cd: shijingxian/demo/exercises: No such file or directory
dy03@dy03-Vostro-3900:~/shijingxian/demo$ cd /home/dy03/shijignxian/demo/exercises
bash: cd: /home/dy03/shijignxian/demo/exercises: No such file or directory
dy03@dy03-Vostro-3900:~/shijingxian/demo$ cd home/dy03/shijignxian/demo/exercises
bash: cd: home/dy03/shijignxian/demo/exercises: No such file or directory
dy03@dy03-Vostro-3900:~/shijingxian/demo$ ls
exercises  Issues.txt
dy03@dy03-Vostro-3900:~/shijingxian/demo$ cd exercises
dy03@dy03-Vostro-3900:~/shijingxian/demo/exercises$ ls
script1.py
dy03@dy03-Vostro-3900:~/shijingxian/demo/exercises$ cd home
bash: cd: home: No such file or directory
dy03@dy03-Vostro-3900:~/shijingxian/demo/exercises$ cd..
cd..: command not found
dy03@dy03-Vostro-3900:~/shijingxian/demo/exercises$ cd~
No command 'cd~' found, did you mean:
 Command 'cdo' from package 'cdo' (universe)
 Command 'cde' from package 'cde' (universe)
 Command 'cdw' from package 'cdw' (universe)
 Command 'cdp' from package 'irpas' (multiverse)
 Command 'cd5' from package 'cd5' (universe)
 Command 'cdb' from package 'tinycdb' (main)
 Command 'cdv' from package 'codeville' (universe)
 Command 'cdi' from package 'cdo' (universe)
cd~: command not found
dy03@dy03-Vostro-3900:~/shijingxian/demo/exercises$ cd ~
dy03@dy03-Vostro-3900:~$ cd /
dy03@dy03-Vostro-3900:/$ cd /root
bash: cd: /root: Permission denied
dy03@dy03-Vostro-3900:/$ cd /home
dy03@dy03-Vostro-3900:/home$ cd . .
dy03@dy03-Vostro-3900:/home$ cd ..
dy03@dy03-Vostro-3900:/$ cd /home/dy03/shijingxian/demo/exercises
dy03@dy03-Vostro-3900:~/shijingxian/demo/exercises$ python -c "import sys;print(sys.path)"
['', '/usr/lib/python2.7', '/usr/lib/python2.7/plat-x86_64-linux-gnu', '/usr/lib/python2.7/lib-tk', '/usr/lib/python2.7/lib-old', '/usr/lib/python2.7/lib-dynload', '/home/dy03/.local/lib/python2.7/site-packages', '/usr/local/lib/python2.7/dist-packages', '/usr/lib/python2.7/dist-packages']
dy03@dy03-Vostro-3900:~/shijingxian/demo/exercises$ ls
model1.py  script1.py
dy03@dy03-Vostro-3900:~/shijingxian/demo/exercises$ python model1.py
Hello Model World
dy03@dy03-Vostro-3900:~/shijingxian/demo/exercises$ python model1.py
Hello Model World
type anything to exit!
Traceback (most recent call last):
  File "model1.py", line 7, in <module>
    input('type anything to exit!')
  File "<string>", line 0
    
    ^
SyntaxError: unexpected EOF while parsing
dy03@dy03-Vostro-3900:~/shijingxian/demo/exercises$ python model1.py
Hello Model World
type anything to exit!^CTraceback (most recent call last):
  File "model1.py", line 7, in <module>
    input('type anything to exit!')
KeyboardInterrupt
dy03@dy03-Vostro-3900:~/shijingxian/demo/exercises$ ls
model1.py  script1.py  stop_process.py
dy03@dy03-Vostro-3900:~/shijingxian/demo/exercises$ python
Python 2.7.12 (default, Nov 19 2016, 06:48:10) 
[GCC 5.4.0 20160609] on linux2
Type "help", "copyright", "credits" or "license" for more information.
>>> L=[1,2]
>>> L.append[L]
Traceback (most recent call last):
  File "<stdin>", line 1, in <module>
TypeError: 'builtin_function_or_method' object has no attribute '__getitem__'
>>> 'spam!'
'spam!'
>>> 1+1
2
>>> import random
>>> random.random()
0.5634221345164381
>>> random.random()
0.2743772081336484
>>> random.random()
0.3153152583898229
>>> random.random()
0.7707016783274049
>>> random.random()
0.2389503497116623
>>> B = bytearray(b'spam')
>>> B.extend(b'eggs')
>>> B
bytearray(b'spameggs')
>>> B.decode()
u'spameggs'
>>> S='Spam'
>>> S.find('pa')
1
>>> S.replace('pa','XYZ')
'SXYZm'
>>> S
'Spam'
>>> dir(S)
['__add__', '__class__', '__contains__', '__delattr__', '__doc__', '__eq__', '__format__', '__ge__', '__getattribute__', '__getitem__', '__getnewargs__', '__getslice__', '__gt__', '__hash__', '__init__', '__le__', '__len__', '__lt__', '__mod__', '__mul__', '__ne__', '__new__', '__reduce__', '__reduce_ex__', '__repr__', '__rmod__', '__rmul__', '__setattr__', '__sizeof__', '__str__', '__subclasshook__', '_formatter_field_name_split', '_formatter_parser', 'capitalize', 'center', 'count', 'decode', 'encode', 'endswith', 'expandtabs', 'find', 'format', 'index', 'isalnum', 'isalpha', 'isdigit', 'islower', 'isspace', 'istitle', 'isupper', 'join', 'ljust', 'lower', 'lstrip', 'partition', 'replace', 'rfind', 'rindex', 'rjust', 'rpartition', 'rsplit', 'rstrip', 'split', 'splitlines', 'startswith', 'strip', 'swapcase', 'title', 'translate', 'upper', 'zfill']
>>> class(S)
  File "<stdin>", line 1
    class(S)
         ^
SyntaxError: invalid syntax
>>> type(S)
<type 'str'>
>>> 
KeyboardInterrupt
>>> M=[[1,2,3],
... [4,5,6],
... [7,8,9]]
>>> M
[[1, 2, 3], [4, 5, 6], [7, 8, 9]]
>>> col2=[row[1] for row in M]
>>> col2
[2, 5, 8]
>>> list(range(4))
[0, 1, 2, 3]
>>> list(range(4)).reverse()
>>> 
>>> [[x**2,x**3] for x in range(4)]
[[0, 0], [1, 1], [4, 8], [9, 27]]
>>> G=[sum(row) for row in M]
>>> next(G)
Traceback (most recent call last):
  File "<stdin>", line 1, in <module>
TypeError: list object is not an iterator
>>> G
[6, 15, 24]
>>> g=[sum(row) for row in M]
>>> g
[6, 15, 24]
>>> delete g
  File "<stdin>", line 1
    delete g
           ^
SyntaxError: invalid syntax
>>> drop g
  File "<stdin>", line 1
    drop g
         ^
SyntaxError: invalid syntax
>>> delete(g)
Traceback (most recent call last):
  File "<stdin>", line 1, in <module>
NameError: name 'delete' is not defined
>>> del g
>>> g=(sum(row) for row in M)
>>> D={}
>>> D['name']='Alice'
>>> D['job']='dev'
>>> D['age']='24'
>>> D['sex']='female'
>>> D
{'age': '24', 'job': 'dev', 'name': 'Alice', 'sex': 'female'}
>>> bob1=dict(name='Bob',job='dev',age=40)
>>> bob1
{'age': 40, 'job': 'dev', 'name': 'Bob'}
>>> bob2=dict(zip(['name','job','age'],['Bob','dev',40]))
>>> bob2
{'age': 40, 'job': 'dev', 'name': 'Bob'}
>>> exit()
dy03@dy03-Vostro-3900:~/shijingxian/demo/exercises$ 

